---
source: packages/cw-schema-codegen/tests/python_tpl.rs
expression: output
snapshot_kind: text
---
# This code is @generated by cw-schema-codegen. Do not modify this manually.

import typing
import decimal
from pydantic import BaseModel, RootModel

class SomeEnum(RootModel):
    """"""



    class Field1(RootModel):
        """"""
        root: typing.Literal['Field1']



    class Field2(BaseModel):
        """"""
        Field2: typing.Tuple[int, int]



    class Field3(BaseModel):
        class __Inner(BaseModel):
            """"""
            
            a: str
            """"""
            
            b: int
            """"""
            
        Field3: __Inner


    root: typing.Union[  Field1,  Field2,  Field3,  ]
