---
source: packages/cw-schema-codegen/tests/python_tpl.rs
expression: output
snapshot_kind: text
---
# This code is @generated by cw-schema-codegen. Do not modify this manually.

import typing
import decimal
from pydantic import BaseModel, RootModel



class UnitStructure(RootModel):
    """
    This is a struct level documentation for unit struct
    """
    root: None
