---
source: packages/cw-schema-codegen/tests/rust_tpl.rs
expression: rendered
---
    #[doc = "Simple enum"]


#[cosmwasm_schema::cw_serde]
pub enum Simple {
    
        
            #[doc = "One variant"]
        

        
        

        One
        
            
        ,
    
        
            #[doc = "Two variant"]
        

        
        

        Two
        
            
        ,
    
}
