---
source: packages/cw-schema-codegen/tests/rust_tpl.rs
expression: rendered
---
    #[doc = "Complex enum"]


#[cosmwasm_schema::cw_serde]
pub enum Complex {
    
        
            #[doc = "One variant"]
        

        
        

        One
        
                (
                    
                        u64,
                    
                )
            
        ,
    
        
            #[doc = "Two variant"]
        

        
        

        Two
        
                {
                    
                        
                            #[doc = "Field a"]
                        

                        a: u64,
                    
                        
                            #[doc = "Field b"]
                        

                        b: String,
                    
                }
        
        ,
    
}
