---
source: packages/cw-schema-codegen/tests/rust_tpl.rs
expression: rendered
---
    #[doc = "Tuple struct"]


pub struct Tuple


        (
            
                u64,
            
                String,
            
        );
