---
source: packages/cw-schema-codegen/tests/rust_tpl.rs
expression: rendered
---
pub struct Empty


        ;
