---
source: packages/cw-schema-codegen/tests/typescript.rs
expression: output
---
// This code is @generated by cw-schema-codegen. Do not modify this manually.

/**

 */

type Uwu = 

        [string, string]
    
;

export { Uwu };
