---
source: packages/cw-schema-codegen/tests/typescript.rs
expression: output
---
// This code is @generated by cw-schema-codegen. Do not modify this manually.


import { z } from 'zod';


/**

 */

const HeheheSchema = z.union([

    /**
    
     */

    
            z.object({ "A": z.void() }),
        

    /**
    
     */

    
            z.object({ "B": z.tuple([z.string()]) }),
        

    /**
    
     */

    
            z.object({ "C": z.object({
                
                    /**
                    
                     */

                    field: z.string(),
                
            }) }),
    



]);

type Hehehe = z.infer<typeof HeheheSchema>;

export { Hehehe, HeheheSchema };
