---
source: packages/cw-schema-codegen/tests/typescript.rs
expression: output
---
// This code is @generated by cw-schema-codegen. Do not modify this manually.


import { z } from 'zod';


/**

 */

const EmptySchema = z.union([



    never;

]);

type Empty = z.infer<typeof EmptySchema>;

export { Empty, EmptySchema };
