---
source: packages/cw-schema-codegen/tests/typescript.rs
expression: output
---
// This code is @generated by cw-schema-codegen. Do not modify this manually.


import { z } from 'zod';


/**

 */

const ÒwóSchema = 

        z.void()
    
;

type Òwó = z.infer<typeof ÒwóSchema>;

export { Òwó, ÒwóSchema };
